12month1.pm
333SP.pm
adaptive.pm
AS365.pm
asia_osm.pm
as-Skitter.pm
bone010.mtx
bone010.pm
boneS10.mtx
boneS10.pm
bundle_adj.pm
cage14.pm
convert_petsc.py
CurlCurl_4.pm
delaunay_n22.pm
delaunay_n23.mtx
delaunay_n23.pm
dgreen.pm
dielFilterV2clx.pm
dielFilterV2real.mtx
dielFilterV2real.pm
download_and_convert.sh
F1.pm
Fault_639.pm
fem_hifreq_circuit.pm
FullChip.pm
germany_osm.pm
GL7d17.pm
GL7d20.pm
gsm_106857.pm
Hardesty3.mtx
Hardesty3.pm
hugetrace-00020.mtx
hugetrace-00020.pm
hugetric-00020.pm
human_gene1.pm
kron_g500-logn18.pm
kron_g500-logn19.mtx
kron_g500-logn19.pm
ldoor.mtx
ldoor.pm
M6.pm
ML_Laplace.pm
mouse_gene.pm
nd24k.pm
nlpkkt80.pm
NLR.pm
PetscBinaryIO.py
__pycache__
rajat31.pm
rel9.pm
rgg_n_2_21_s0.pm
spal_004.mtx
spal_004.pm
StocF-1465.pm
Transport.pm
wikipedia-20070206.mtx
wikipedia-20070206.pm
wiki-topcats.pm
Testing /usr/workspace/bienz1/benchmark_mats/delaunay_n23.pm
Standard SpMV Time: 6.927989e-02
Standard SpMV Time: 6.563459e-02
Standard SpMV Time: 1.398949e-01
Standard SpMV Time: 8.511982e-02
Standard SpMV Time: 7.115578e-02
Early Comp SpMV Time: 1.255486e-01
Early Comp SpMV Time: 7.546659e-02
Early Comp SpMV Time: 1.172746e-01
Early Comp SpMV Time: 3.518587e-02
Early Comp SpMV Time: 7.051276e-02
CSC SpMV Time: 3.849530e-02
CSC SpMV Time: 3.703189e-02
CSC SpMV Time: 4.017568e-02
CSC SpMV Time: 3.860569e-02
CSC SpMV Time: 4.860306e-02
Early Recv CSC SpMV Time: 3.367775e-02
Early Recv CSC SpMV Time: 3.391159e-02
Early Recv CSC SpMV Time: 3.448501e-02
Early Recv CSC SpMV Time: 3.379994e-02
Early Recv CSC SpMV Time: 3.519907e-02
Testing /usr/workspace/bienz1/benchmark_mats/dielFilterV2real.pm
Standard SpMV Time: 1.736673e-02
Standard SpMV Time: 1.742416e-02
Standard SpMV Time: 1.736698e-02
Standard SpMV Time: 1.733397e-02
Standard SpMV Time: 1.744482e-02
Early Comp SpMV Time: 1.730657e-02
Early Comp SpMV Time: 1.724339e-02
Early Comp SpMV Time: 1.731785e-02
Early Comp SpMV Time: 1.736019e-02
Early Comp SpMV Time: 1.747931e-02
CSC SpMV Time: 1.723217e-02
CSC SpMV Time: 1.729166e-02
CSC SpMV Time: 1.735622e-02
CSC SpMV Time: 1.718969e-02
CSC SpMV Time: 1.752489e-02
Early Recv CSC SpMV Time: 1.655392e-02
Early Recv CSC SpMV Time: 1.655217e-02
Early Recv CSC SpMV Time: 1.676689e-02
Early Recv CSC SpMV Time: 1.645832e-02
Early Recv CSC SpMV Time: 1.640390e-02
Testing /usr/workspace/bienz1/benchmark_mats/hugetrace-00020.pm
Standard SpMV Time: 1.302579e+00
Standard SpMV Time: 1.304263e+00
Standard SpMV Time: 1.301920e+00
Standard SpMV Time: 1.302094e+00
Standard SpMV Time: 1.302506e+00
Early Comp SpMV Time: 1.305909e+00
Early Comp SpMV Time: 1.301611e+00
Early Comp SpMV Time: 1.301792e+00
Early Comp SpMV Time: 1.302648e+00
Early Comp SpMV Time: 1.303460e+00
CSC SpMV Time: 1.302876e+00
CSC SpMV Time: 1.314199e+00
CSC SpMV Time: 1.300787e+00
CSC SpMV Time: 1.308013e+00
CSC SpMV Time: 1.303912e+00
Early Recv CSC SpMV Time: 1.308115e+00
Early Recv CSC SpMV Time: 1.298102e+00
Early Recv CSC SpMV Time: 1.304537e+00
Early Recv CSC SpMV Time: 1.297419e+00
Early Recv CSC SpMV Time: 1.312491e+00
Testing /usr/workspace/bienz1/benchmark_mats/bone010.pm
Standard SpMV Time: 5.023318e-03
Standard SpMV Time: 5.033457e-03
Standard SpMV Time: 4.928881e-03
Standard SpMV Time: 5.289580e-03
Standard SpMV Time: 5.210034e-03
Early Comp SpMV Time: 5.599587e-03
Early Comp SpMV Time: 5.624978e-03
Early Comp SpMV Time: 5.583527e-03
Early Comp SpMV Time: 5.662461e-03
Early Comp SpMV Time: 6.050891e-03
CSC SpMV Time: 5.489164e-03
CSC SpMV Time: 5.850723e-03
CSC SpMV Time: 5.427109e-03
CSC SpMV Time: 5.506901e-03
CSC SpMV Time: 5.620947e-03
Early Recv CSC SpMV Time: 4.735319e-03
Early Recv CSC SpMV Time: 4.713983e-03
Early Recv CSC SpMV Time: 4.711888e-03
Early Recv CSC SpMV Time: 4.713848e-03
Early Recv CSC SpMV Time: 4.713796e-03
Testing /usr/workspace/bienz1/benchmark_mats/spal_004.pm
Standard SpMV Time: 1.592822e-01
Standard SpMV Time: 2.428644e-01
Standard SpMV Time: 1.937879e-01
Standard SpMV Time: 1.600068e-01
Standard SpMV Time: 1.848272e-01
Early Comp SpMV Time: 8.072511e-02
Early Comp SpMV Time: 8.173188e-02
Early Comp SpMV Time: 1.829721e-01
Early Comp SpMV Time: 2.456504e-01
Early Comp SpMV Time: 1.041671e-01
CSC SpMV Time: 9.346557e-02
CSC SpMV Time: 2.535353e-01
CSC SpMV Time: 9.326959e-02
CSC SpMV Time: 2.503818e-01
CSC SpMV Time: 4.110399e-01
Early Recv CSC SpMV Time: 6.705924e-02
Early Recv CSC SpMV Time: 1.852326e-01
Early Recv CSC SpMV Time: 1.743068e-01
Early Recv CSC SpMV Time: 6.820170e-02
Early Recv CSC SpMV Time: 1.473236e-01
Testing /usr/workspace/bienz1/benchmark_mats/wikipedia-20070206.pm
Standard SpMV Time: 1.339276e+00
Standard SpMV Time: 1.343354e+00
Standard SpMV Time: 1.223353e+00
Standard SpMV Time: 1.348362e+00
Standard SpMV Time: 1.335143e+00
Early Comp SpMV Time: 1.342803e+00
Early Comp SpMV Time: 1.337685e+00
Early Comp SpMV Time: 1.348405e+00
Early Comp SpMV Time: 1.337851e+00
Early Comp SpMV Time: 1.346654e+00
CSC SpMV Time: 1.342576e+00
CSC SpMV Time: 1.345635e+00
CSC SpMV Time: 1.337680e+00
CSC SpMV Time: 1.348750e+00
CSC SpMV Time: 1.331397e+00
Early Recv CSC SpMV Time: 1.345379e+00
Early Recv CSC SpMV Time: 1.337892e+00
Early Recv CSC SpMV Time: 1.341632e+00
Early Recv CSC SpMV Time: 1.323398e+00
Early Recv CSC SpMV Time: 1.350126e+00
Testing /usr/workspace/bienz1/benchmark_mats/kron_g500-logn19.pm
Standard SpMV Time: 4.373834e-01
Standard SpMV Time: 1.341342e-01
Standard SpMV Time: 3.338041e-01
Standard SpMV Time: 1.994886e-01
Standard SpMV Time: 2.397345e-01
Early Comp SpMV Time: 2.387307e-01
Early Comp SpMV Time: 2.505155e-01
Early Comp SpMV Time: 3.430442e-01
Early Comp SpMV Time: 3.544439e-01
Early Comp SpMV Time: 1.634849e-01
CSC SpMV Time: 2.804490e-01
CSC SpMV Time: 2.657442e-01
CSC SpMV Time: 2.691904e-01
CSC SpMV Time: 2.783389e-01
CSC SpMV Time: 2.409590e-01
Early Recv CSC SpMV Time: 2.401237e-01
Early Recv CSC SpMV Time: 1.253425e-01
Early Recv CSC SpMV Time: 2.377770e-01
Early Recv CSC SpMV Time: 1.326172e-01
Early Recv CSC SpMV Time: 2.314650e-01
Testing /usr/workspace/bienz1/benchmark_mats/ldoor.pm
Standard SpMV Time: 1.338274e-02
Standard SpMV Time: 2.732175e-02
Standard SpMV Time: 3.776471e-02
Standard SpMV Time: 1.510378e-02
Standard SpMV Time: 3.550285e-02
Early Comp SpMV Time: 1.526283e-02
Early Comp SpMV Time: 3.535481e-02
Early Comp SpMV Time: 2.326778e-02
Early Comp SpMV Time: 1.309941e-02
Early Comp SpMV Time: 1.487681e-02
CSC SpMV Time: 2.316570e-02
CSC SpMV Time: 2.326232e-02
CSC SpMV Time: 2.924991e-02
CSC SpMV Time: 2.274990e-02
CSC SpMV Time: 2.720894e-02
Early Recv CSC SpMV Time: 1.099060e-02
Early Recv CSC SpMV Time: 6.000924e-03
Early Recv CSC SpMV Time: 7.122330e-03
Early Recv CSC SpMV Time: 7.148031e-03
Early Recv CSC SpMV Time: 5.959615e-03
Testing /usr/workspace/bienz1/benchmark_mats/boneS10.pm
Standard SpMV Time: 4.494081e-03
Standard SpMV Time: 4.493201e-03
Standard SpMV Time: 4.650753e-03
Standard SpMV Time: 4.666612e-03
Standard SpMV Time: 4.684723e-03
Early Comp SpMV Time: 4.451144e-03
Early Comp SpMV Time: 4.468456e-03
Early Comp SpMV Time: 4.770512e-03
Early Comp SpMV Time: 4.530459e-03
Early Comp SpMV Time: 4.628877e-03
CSC SpMV Time: 4.991809e-03
CSC SpMV Time: 4.921760e-03
CSC SpMV Time: 4.756434e-03
CSC SpMV Time: 4.334389e-03
CSC SpMV Time: 4.790663e-03
Early Recv CSC SpMV Time: 4.188209e-03
Early Recv CSC SpMV Time: 4.191610e-03
Early Recv CSC SpMV Time: 4.171930e-03
Early Recv CSC SpMV Time: 4.138246e-03
Early Recv CSC SpMV Time: 4.158427e-03
Testing /usr/workspace/bienz1/benchmark_mats/Hardesty3.pm
Standard SpMV Time: 1.596739e-02
Standard SpMV Time: 1.183803e-02
Standard SpMV Time: 1.177349e-02
Standard SpMV Time: 1.400172e-02
Standard SpMV Time: 1.379498e-02
Early Comp SpMV Time: 1.278291e-02
Early Comp SpMV Time: 2.970345e-02
Early Comp SpMV Time: 1.303141e-02
Early Comp SpMV Time: 1.297818e-02
Early Comp SpMV Time: 1.367082e-02
CSC SpMV Time: 1.181208e-02
CSC SpMV Time: 1.505420e-02
CSC SpMV Time: 1.164950e-02
CSC SpMV Time: 1.717843e-02
CSC SpMV Time: 1.193529e-02
Early Recv CSC SpMV Time: 1.179955e-02
Early Recv CSC SpMV Time: 1.182491e-02
Early Recv CSC SpMV Time: 1.173469e-02
Early Recv CSC SpMV Time: 1.200521e-02
Early Recv CSC SpMV Time: 1.221092e-02
